[netsoltech.com/index.html]
[backblue.gif]
[fade.gif]
[index.html]
[netsoltech.com/images/NETSOL-favicon.png]
[netsoltech.com/images/netsollogo.png]
[netsoltech.com/css/fonts/TisaOT.woff2]
[netsoltech.com/css/fonts/eurostileext-reg-webfont.woff2]
[netsoltech.com/css/fonts/Akkurat-Bold.woff2]
[netsoltech.com/css/fonts/Akkurat-Light.woff2]
[netsoltech.com/js/jquery-1.11.1.min.js]
[www.google.com/recaptcha/api.js]
[netsoltech.com/contact-us.html]
[netsoltech.com/smartnav.html]
[netsoltech.com/about-us.html]
[netsoltech.com/about-us-sr.html]
[netsoltech.com/products.html]
[netsoltech.com/nfs-ascent.html]
[netsoltech.com/nfs-digital.html]
[netsoltech.com/articles.html]
[netsoltech.com/downloads.html]
[netsoltech.com/in-the-lab.html]
[netsoltech.com/events.html]
[netsoltech.com/contact-us-2.html]
[netsoltech.com/cookies-policy.html]
[netsoltech.com/dist/autosize.min.js]
[netsoltech.com/dist/jquery.convform.js]
[netsoltech.com/front-office-enablement.html]
[netsoltech.com/ascent-omni-pos.html]
[netsoltech.com/ascent-cms.html]
[netsoltech.com/digital-field-team-enablement.html]
[netsoltech.com/ascent-wfs.html]
[netsoltech.com/auto-finance.html]
[netsoltech.com/equipment-finance.html]
[netsoltech.com/asset-finance.html]
[netsoltech.com/digital-origination-enablement.html]
[netsoltech.com/js/customScripts.js]
[netsoltech.com/js/canvasScript.js]
[snap.licdn.com/li.lms-analytics/insight.min.js]
[netsoltech.com/index.html]
[netsoltech.com/css/fonts/TisaOT.woff]
[netsoltech.com/css/fonts/eurostileext-reg-webfont.woff]
[netsoltech.com/css/fonts/Akkurat-Light.woff]
[netsoltech.com/css/fonts/Akkurat-Bold.woff]
[netsoltech.com/images/article.jpg]
[netsoltech.com/images/product1.jpg]
[netsoltech.com/images/product2.png]
[netsoltech.com/images/about-bg.jpg]
[netsoltech.com/css/style.css]
[netsoltech.com/css/responsive.css]
[www.googletagmanager.com/gtm5445.html]
[netsoltech.com/images/netsol-logo.svg]
[netsoltech.com/images/netsol-logo-white.svg]
[netsoltech.com/images/scrollText.svg]
[netsoltech.com/images/scrollDown.svg]
[netsoltech.com/images/backToTop.svg]
[netsoltech.com/images/requestDemo.svg]
[netsoltech.com/privacy-policy.html]
[netsoltech.com/thank-you.html]
[netsoltech.com/back-office-enablement.html]
[netsoltech.com/customer-self-service.html]
[netsoltech.com/digital-self-service-enablement.html]
[netsoltech.com/digital-dealership-enablement.html]
[netsoltech.com/digital-floorplan-enablement.html]
[netsoltech.com/terms-of-use.html]
[netsoltech.com/includes/bot_captcha_code.jpg]
[netsoltech.com/images/refresh.png]
[netsoltech.com/js/animationScript.js]
[netsoltech.com/contact-us.html]
[netsoltech.com/smartnav.html]
[netsoltech.com/images/netsolVector.svg]
[netsoltech.com/images/ascentVector.svg]
[netsoltech.com/images/digitalVector.svg]
[netsoltech.com/images/investorsVector.svg]
[netsoltech.com/images/innovationVector.svg]
[netsoltech.com/images/eventsVector.svg]
[netsoltech.com/images/contact-usVector.svg]
[netsoltech.com/images/thumbnail_IMG_0015.jpg]
[netsoltech.com/images/thumbnail_IMG_0017.jpg]
[netsoltech.com/images/FB_IMG_1645432165056.jpg]
[netsoltech.com/about-us.html]
[netsoltech.com/index-2.html]
[netsoltech.com/about-us-sr.html]
[netsoltech.com/images/otoz-logo.png]
[netsoltech.com/images/Otoz-Logo-01.png]
[netsoltech.com/includes/bot_captcha_coded41d.jpg]
[netsoltech.com/products.html]
[netsoltech.com/faqs.html]
[netsoltech.com/product-business-mapping.html]
[netsoltech.com/nfs-ascent.html]
[netsoltech.com/nfs-digital.html]
[netsoltech.com/index-3.html]
[netsoltech.com/article/exploring-the-digital-frontier-australian-banks.html]
[netsoltech.com/article/the-transformative-role-of-digitization-in-the-car-buying-journey.html]
[netsoltech.com/article/benefits-of-cloud-based-finance-software.html]
[netsoltech.com/article/navigating-the-equipment-finance-landscape-in-australia.html]
[netsoltech.com/article/will-vehicles-truly-be-entirely-autonomous-in-the-future.html]
[netsoltech.com/article/the-ultimate-guide-to-evaluating-lease-accounting-software.html]
[netsoltech.com/article/how-5g-connectivity-will-impact-finance-and-leasing.html]
[netsoltech.com/article/crypto-the-effects-on-traditional-financial-services.html]
[netsoltech.com/article/how-data-and-analytics-are-transforming-financial-services-in-the-us.html]
[netsoltech.com/article/the-australian-finance-and-leasing-landscape.html]
[netsoltech.com/article/finance-and-leasing-plugged-and-played.html]
[netsoltech.com/article/fleet-finance-transformation-through-maas.html]
[netsoltech.com/article/the-booming-lease-management-software-market.html]
[netsoltech.com/article/cloud-calculation-advantages-for-leasing-industry.html]
[netsoltech.com/article/how-a-cloud-based-calculation-engine-can-optimize-efficiency-for-a-business.html]
[netsoltech.com/article/cloud-computing-and-financial-services.html]
[netsoltech.com/article/is-artificial-intelligence-making-banks-smarter.html]
[netsoltech.com/article/adoption-of-evs-in-developing-countries.html]
[netsoltech.com/article/case-connected-autonomous-shared-and-electric-an-insight.html]
[netsoltech.com/article/the-chinese-automotive-industry-fast-track-towards-a-greener-future.html]
[netsoltech.com/article/consumer-preferences-in-the-united-kingdom.html]
[netsoltech.com/article/australian-finance-and-leasing-landscape.html]
[netsoltech.com/article/the-phenomenon-of-ai-in-the-equipment-leasing-industry.html]
[netsoltech.com/article/open-banking-innovations-a-global-outlook.html]
[netsoltech.com/article/hybrid-brick-and-mortar-the-digital-solution.html]
[netsoltech.com/article/digitisation-as-a-stepping-stone-for-servitization.html]
[netsoltech.com/article/automotive-supply-chain-of-the-future.html]
[netsoltech.com/article/forces-of-change-on-the-path-to-car-purchase.html]
[netsoltech.com/article/how-organizations-can-avoid-pitfalls-of-fast-tracking-digital-transformation.html]
[netsoltech.com/article/the-switch-from-car-as-a-service-to-battery-as-a-service.html]
[netsoltech.com/article/5-reasons-to-choose-subscription-based-pricing.html]
[netsoltech.com/article/the-us-equipment-finance-landscape.html]
[netsoltech.com/article/the-rewards-and-risks-of-fast-tracking-digital-transformation-risks.html]
[netsoltech.com/article/digital-technologies-in-the-equipment-finance-industry.html]
[netsoltech.com/article/the-rewards-and-risks-of-fast-tracking-digital-transformation-rewards.html]
[netsoltech.com/article/australia-the-finance-and-leasing-landscape.html]
[netsoltech.com/article/startups-the-rise-disruption-post-pandemic-landscape.html]
[netsoltech.com/article/netsol-deloitte-fireside-chat.html]
[netsoltech.com/article/on-prem-to-cloud-migration-dos-donts.html]
[netsoltech.com/article/understanding-economic-adversities-the-automotive-industry.html]
[netsoltech.com/article/agile-autonomous-digital-enterprise.html]
[netsoltech.com/article/where-is-the-uk-used-car-market-headed.html]
[netsoltech.com/article/industry-40-impact-on-automotive-manufacturing-and-oems.html]
[netsoltech.com/article/on-prem-to-cloud-migration-a-series-of-articles-dos-donts.html]
[netsoltech.com/article/enterprise-platforms-must-haves-2021-navigating-through-limitations-adopting-new-technology.html]
[netsoltech.com/article/enterprise-platforms-must-haves-2021-cloud.html]
[netsoltech.com/article/enterprise-platform-must-haves-for-2021-and-beyond-business-continuity.html]
[netsoltech.com/article/enterprise-platform-must-haves-for-2021-and-beyond.html]
[netsoltech.com/article/the-impact-of-covid-19-on-the-automotive-industry.html]
[netsoltech.com/article/chinas-road-to-recovery-from-the-pandemic-demand-supply-shocks-for-the-automotive-manufacturing-sector.html]
[netsoltech.com/article/how-the-rise-in-car-sharing-will-affect- oems-and-captives.html]
[netsoltech.com/article/five-ways-ai-will-assist-the-credit-origination-process.html]
[netsoltech.com/article/indonesia-market-review.html]
[netsoltech.com/article/thailand-market-review.html]
[netsoltech.com/article/china-finance-and-leasing-industry-an-outlook-on-where-its-headed.html]
[netsoltech.com/article/the-key-to-getting-the-most-out-of-wholesale-finance-operations.html]
[netsoltech.com/article/auto-finance-software-and-changing-car-buyer-preferences.html]
[netsoltech.com/article/the-future-of-mobility-mapping-progress-within-the-transportation-space.html]
[netsoltech.com/article/the-impact-of-digital-technology-on-the-leasing-industry.html]
[netsoltech.com/article/an-overview-of-indonesias-financing-and-leasing-environment.html]
[netsoltech.com/article/artificial-customer-service-to-take-prominence-in-the-future-of-the-financial-services-industries.html]
[netsoltech.com/article/an-overview-of-thailands-financing-and-leasing-environment.html]
[netsoltech.com/article/why-do-major-it-projects-fail.html]
[netsoltech.com/article/the-cloud-on-your-horizon.html]
[netsoltech.com/article/easing-the-pain-of-data-migration.html]
[netsoltech.com/article/choosing-the-best-computing-platform-for-your-company.html]
[netsoltech.com/article/enterprise-mobility-confluence-of-technologies.html]
[netsoltech.com/article/enterprise-mobility-the-paradigm-shift.html]
[netsoltech.com/article/smartphone-revolution-in-the-automotive-industry.html]
[netsoltech.com/article/global-auto-finance-industry-2015-possibilities-and-question-marks.html]
[netsoltech.com/article/peer-2-peer-lending-the-fundamentals.html]
[netsoltech.com/article/technologies-poised-to-disrupt-the-financial-services-industry.html]
[netsoltech.com/article/disruption-in-automotive-finance-technology.html]
[netsoltech.com/article/not-ready-for-the-cloud-why-the-leasing-industry-has-been-resistant-to-cloud-deployment.html]
[netsoltech.com/article/indonesia-finance-leasing-landscape.html]
[netsoltech.com/article/finance-and-leasing-the-disruption-caused-by-changes-in-the-consumer-buying-journey.html]
[netsoltech.com/article/a-glimpse-into-the-future-of-the-fintech-industry.html]
[netsoltech.com/article/right-software-for-your-business-lease-management-software.html]
[netsoltech.com/article/how-will-the-new-gdpr-policies-affect-finance-and-leasing-businesses.html]
[netsoltech.com/article/changing-financial-trends-and-the-threat-to-cybersecurity.html]
[netsoltech.com/article/lease-accounting-changes.html]
[netsoltech.com/article/shifts-in-global-asset-finance-and-leasing-industry-and-the-preeminence-of-digital-transformation.html]
[netsoltech.com/articles.html]
[netsoltech.com/js/isotope.pkgd.min.js]
[netsoltech.com/downloads.html]
[netsoltech.com/in-the-lab.html]
[netsoltech.com/events.html]
[netsoltech.com/contact-us-2.html]
[netsoltech.com/cookies-policy.html]
[netsoltech.com/dist/jquery.convform.css]
[netsoltech.com/images/Press-Releases.svg]
[netsoltech.com/images/twitter.svg]
[netsoltech.com/images/Events.svg]
[netsoltech.com/front-office-enablement.html]
[netsoltech.com/ascent-omni-pos.html]
[netsoltech.com/ascent-cms.html]
[netsoltech.com/digital-field-team-enablement.html]
[netsoltech.com/ascent-wfs.html]
[player.vimeo.com/api/player.js]
[netsoltech.com/financing.html]
[netsoltech.com/auto-finance.html]
[netsoltech.com/equipment-finance.html]
[netsoltech.com/bank-finance.html]
[netsoltech.com/asset-finance.html]
[netsoltech.com/digital-origination-enablement.html]
[snap.licdn.com/li.lms-analytics/insight.min.js]
[netsoltech.com/images/right-arrow.svg]
[netsoltech.com/images/right-arrow-2.svg]
[netsoltech.com/images/down-arrow.svg]
[netsoltech.com/images/down-arrow-2.svg]
[netsoltech.com/images/aboutBg2.html]
[netsoltech.com/images/aboutCounterCircle.svg]
[netsoltech.com/images/listArrow.svg]
[netsoltech.com/images/listArrowWhite.svg]
[netsoltech.com/images/socialIcons.svg]
[netsoltech.com/images/aboutBoxPattern.svg]
[netsoltech.com/images/aboutMainBoxBg.svg]
[netsoltech.com/images/aboutLeadershipBg.svg]
[netsoltech.com/images/aboutSoftwareBg.svg]
[netsoltech.com/images/aboutPeopleBg.svg]
[netsoltech.com/images/aboutMethodologiesBg.svg]
[netsoltech.com/images/ascentAbsoluteControl.svg]
[netsoltech.com/images/ascentInformationFusion.svg]
[netsoltech.com/images/ascentReliabilityAssurance.svg]
[netsoltech.com/images/ascentPrecisionEngineering.svg]
[netsoltech.com/images/ascentEnhancedMaintainability.svg]
[netsoltech.com/images/ascentRegion.svg]
[netsoltech.com/images/ascentIndustry.svg]
[netsoltech.com/images/ascentBusinessSize.svg]
[netsoltech.com/images/featureBenefitsBg.svg]
[netsoltech.com/images/articleSocialIcons.svg]
[netsoltech.com/images/ascentInformationCloud.svg]
[netsoltech.com/images/contactUs-left.svg]
[netsoltech.com/privacy-policy.html]
[netsoltech.com/privacy-policy-ccpa.html]
[netsoltech.com/thank-you.html]
[netsoltech.com/back-office-enablement.html]
[netsoltech.com/customer-self-service.html]
[netsoltech.com/digital-self-service-enablement.html]
[netsoltech.com/digital-dealership-enablement.html]
[netsoltech.com/digital-floorplan-enablement.html]
[netsoltech.com/images/twitter-icon.svg]
[netsoltech.com/images/linkedin-icon.svg]
[netsoltech.com/terms-of-use.html]
[netsoltech.com/css/animate.css]
[netsoltech.com/images/netsolVector-left.svg]
[netsoltech.com/index-2.html]
[netsoltech.com/images/NFS-Ascent.svg]
[netsoltech.com/images/ascentVector-left.svg]
[netsoltech.com/images/working1.svg]
[netsoltech.com/images/working3.svg]
[netsoltech.com/images/working2.svg]
[netsoltech.com/images/bank-blue-lines.svg]
[netsoltech.com/images/NFS-Digtal.svg]
[netsoltech.com/images/digitalVector-left.svg]
[netsoltech.com/faqs.html]
[netsoltech.com/product-business-mapping.html]
[netsoltech.com/images/ascent-streamlined-user-experience.svg]
[netsoltech.com/images/ascent-cost-effectiveness.svg]
[netsoltech.com/images/ascent-future-ready-technology.svg]
[netsoltech.com/images/ascent-enhanced-agility.svg]
[netsoltech.com/images/ascent-enterprise-security.svg]
[netsoltech.com/images/ascent-advanced-interfacing.svg]
[netsoltech.com/images/digital-omni-channel-experience.svg]
[netsoltech.com/images/digital-optimised-productivity.svg]
[netsoltech.com/images/digital-higher-customer-engagement.svg]
[netsoltech.com/images/digital-increased-profitability.svg]
[netsoltech.com/images/digital-rich-collaboration.svg]
[netsoltech.com/images/digital-timely-decision-making.svg]
[netsoltech.com/images/self-pos.svg]
[netsoltech.com/images/mac.svg]
[netsoltech.com/images/mpos.svg]
[netsoltech.com/images/webPOS.svg]
[netsoltech.com/images/mfi.svg]
[netsoltech.com/images/mco.svg]
[netsoltech.com/images/mde.svg]
[netsoltech.com/images/mau.svg]
[netsoltech.com/index-3.html]
[netsoltech.com/images/articles-left.svg]
[www.netsoltech.com/images/174857.png]
[www.netsoltech.com/images/left-quotes-sign.png]
[www.netsoltech.com/NetsolTechCMS/uploads/Articles/AI1.jpg]
[www.netsoltech.com/NetsolTechCMS/uploads/Articles/71.png]
[www.netsoltech.com/NetsolTechCMS/uploads/Articles/article-no-93.png]
[netsoltech.com/article/exploring-the-digital-frontier-australian-banks.html]
[www.netsoltech.com/NetsolTechCMS/uploads/Articles/the-phenomenon-of-ai.jpg]
[www.netsoltech.com/NetsolTechCMS/uploads/Articles/1620668180098.jpg]
[www.netsoltech.com/NetsolTechCMS/uploads/Articles/5g-article.png]
[netsoltech.com/article/the-transformative-role-of-digitization-in-the-car-buying-journey.html]
[www.netsoltech.com/NetsolTechCMS/uploads/Articles/ultimate-guide.jpg]
[www.netsoltech.com/NetsolTechCMS/uploads/Articles/navigating-the-equipment.jpg]
[www.netsoltech.com/NetsolTechCMS/uploads/Articles/Header_Image.jpg]
[netsoltech.com/article/benefits-of-cloud-based-finance-software.html]
[www.netsoltech.com/NetsolTechCMS/uploads/Articles/tech1.jpg]
[www.netsoltech.com/NetsolTechCMS/uploads/Articles/digital-transformation.jpg]
[netsoltech.com/article/navigating-the-equipment-finance-landscape-in-australia.html]
[www.netsoltech.com/NetsolTechCMS/uploads/Articles/Article_Image.jpg]
[www.netsoltech.com/NetsolTechCMS/uploads/Articles/digital-cloud-data.jpg]
[netsoltech.com/article/will-vehicles-truly-be-entirely-autonomous-in-the-future.html]
[www.netsoltech.com/NetsolTechCMS/uploads/Articles/cropped-view-hands-typing-laptop_1262-31961.jpg]
[www.netsoltech.com/NetsolTechCMS/uploads/Articles/future-ai.jpg]
[www.netsoltech.com/NetsolTechCMS/uploads/Articles/thai1.jpg]
[netsoltech.com/article/the-ultimate-guide-to-evaluating-lease-accounting-software.html]
[www.netsoltech.com/NetsolTechCMS/uploads/Articles/Ar31.jpg]
[www.netsoltech.com/NetsolTechCMS/uploads/Articles/EV.png]
[netsoltech.com/article/how-5g-connectivity-will-impact-finance-and-leasing.html]
[www.netsoltech.com/NetsolTechCMS/uploads/Articles/vehicle-ownership.jpg]
[www.netsoltech.com/NetsolTechCMS/uploads/Articles/bitcoin-banner.jpg]
[netsoltech.com/article/crypto-the-effects-on-traditional-financial-services.html]
[www.netsoltech.com/NetsolTechCMS/uploads/Articles/Feature-image.jpg]
[www.netsoltech.com/NetsolTechCMS/uploads/Articles/feature-26-nov-22.jpg]
[netsoltech.com/article/how-data-and-analytics-are-transforming-financial-services-in-the-us.html]
[www.netsoltech.com/NetsolTechCMS/uploads/Articles/Jakarta.jpg]
[www.netsoltech.com/NetsolTechCMS/uploads/Articles/5-reasons-to-choose-subscription-based-pricing.jpg]
[netsoltech.com/article/the-australian-finance-and-leasing-landscape.html]
[www.netsoltech.com/NetsolTechCMS/uploads/Articles/Wuhan1.jpg]
[www.netsoltech.com/NetsolTechCMS/uploads/Articles/usedcars.jpg]
[www.netsoltech.com/NetsolTechCMS/uploads/Articles/industry.jpg]
[netsoltech.com/article/finance-and-leasing-plugged-and-played.html]
[www.netsoltech.com/NetsolTechCMS/uploads/Articles/supercomputer.jpg]
[www.netsoltech.com/NetsolTechCMS/uploads/Articles/FTDT_Article_3_Header.jpg]
[netsoltech.com/article/fleet-finance-transformation-through-maas.html]
[www.netsoltech.com/NetsolTechCMS/uploads/Articles/expressway-top-view-road-traffic-important-infrastructure-thailand.jpg]
[www.netsoltech.com/NetsolTechCMS/uploads/Articles/cloud-upload-icon-line-connection-circuit-board.jpg]
[netsoltech.com/article/the-booming-lease-management-software-market.html]
[www.netsoltech.com/NetsolTechCMS/uploads/Articles/8feb2023.jpg]
[www.netsoltech.com/NetsolTechCMS/uploads/Articles/Future-of-Mobility.jpg]
[www.netsoltech.com/NetsolTechCMS/uploads/Articles/article_9_22.png]
[netsoltech.com/article/cloud-calculation-advantages-for-leasing-industry.html]
[www.netsoltech.com/NetsolTechCMS/uploads/Articles/au-article.jpg]
[www.netsoltech.com/NetsolTechCMS/uploads/Articles/Ar21.jpg]
[netsoltech.com/article/how-a-cloud-based-calculation-engine-can-optimize-efficiency-for-a-business.html]
[www.netsoltech.com/NetsolTechCMS/uploads/Articles/Bangkok.jpg]
[www.netsoltech.com/NetsolTechCMS/uploads/Articles/ODRAKB0_-1.jpg]
[netsoltech.com/article/cloud-computing-and-financial-services.html]
[www.netsoltech.com/NetsolTechCMS/uploads/Articles/keys1.jpg]
[www.netsoltech.com/NetsolTechCMS/uploads/Articles/maasbanner.jpg]
[netsoltech.com/article/is-artificial-intelligence-making-banks-smarter.html]
[www.netsoltech.com/NetsolTechCMS/uploads/Articles/australia_review.jpg]
[www.netsoltech.com/NetsolTechCMS/uploads/Articles/Plugged-and-Played.jpg]
[www.netsoltech.com/NetsolTechCMS/uploads/Articles/booming-full.png]
[netsoltech.com/article/adoption-of-evs-in-developing-countries.html]
[www.netsoltech.com/NetsolTechCMS/uploads/Articles/financial_seerrr2.jpg]
[netsoltech.com/article/case-connected-autonomous-shared-and-electric-an-insight.html]
[www.netsoltech.com/NetsolTechCMS/uploads/Articles/featured-image.png]
[www.netsoltech.com/NetsolTechCMS/uploads/Articles/Fireside_chat_article_image.jpg]
[www.netsoltech.com/NetsolTechCMS/uploads/Articles/cyber1.jpg]
[netsoltech.com/article/the-chinese-automotive-industry-fast-track-towards-a-greener-future.html]
[www.netsoltech.com/NetsolTechCMS/uploads/Articles/OEM.jpg]
[www.netsoltech.com/NetsolTechCMS/uploads/Articles/hybrid-brick-and-mortar.jpg]
[netsoltech.com/article/consumer-preferences-in-the-united-kingdom.html]
[www.netsoltech.com/NetsolTechCMS/uploads/Articles/lending1.png]
[netsoltech.com/article/australian-finance-and-leasing-landscape.html]
[www.netsoltech.com/NetsolTechCMS/uploads/Articles/AI-1.jpg]
[netsoltech.com/article/the-phenomenon-of-ai-in-the-equipment-leasing-industry.html]
[www.netsoltech.com/images/Diagram-1.jpg]
[www.netsoltech.com/images/Diagram-2.jpg]
[www.netsoltech.com/images/Diagram-3.jpg]
[www.netsoltech.com/NetsolTechCMS/uploads/Articles/Ar41.jpg]
[netsoltech.com/article/open-banking-innovations-a-global-outlook.html]
[www.netsoltech.com/NetsolTechCMS/uploads/Articles/Artificial-Customer.jpg]
[www.netsoltech.com/NetsolTechCMS/uploads/Articles/future_11.jpg]
[netsoltech.com/article/hybrid-brick-and-mortar-the-digital-solution.html]
[www.netsoltech.com/NetsolTechCMS/uploads/Articles/Smartphone-Revolution.jpg]
[netsoltech.com/article/digitisation-as-a-stepping-stone-for-servitization.html]
[www.netsoltech.com/images/Diagram-01.jpg]
[www.netsoltech.com/NetsolTechCMS/uploads/Articles/AI-2.jpg]
[netsoltech.com/article/automotive-supply-chain-of-the-future.html]
[www.netsoltech.com/images/force-1.jpg]
[www.netsoltech.com/images/force-2.jpg]
[www.netsoltech.com/NetsolTechCMS/uploads/Articles/Peter_A2_Image.jpg]
[netsoltech.com/article/forces-of-change-on-the-path-to-car-purchase.html]
[netsoltech.com/images/1.png]
[netsoltech.com/images/2.jpg]
[netsoltech.com/images/3.jpg]
[netsoltech.com/article/how-organizations-can-avoid-pitfalls-of-fast-tracking-digital-transformation.html]
[www.netsoltech.com/NetsolTechCMS/uploads/Articles/the-transformative-role.jpg]
[netsoltech.com/article/the-switch-from-car-as-a-service-to-battery-as-a-service.html]
[www.netsoltech.com/NetsolTechCMS/uploads/Articles/open-banking-innovation.jpg]
[www.netsoltech.com/NetsolTechCMS/uploads/Articles/101.png]
[netsoltech.com/article/5-reasons-to-choose-subscription-based-pricing.html]
[netsoltech.com/article/the-us-equipment-finance-landscape.html]
[netsoltech.com/article/the-rewards-and-risks-of-fast-tracking-digital-transformation-risks.html]
[netsoltech.com/article/digital-technologies-in-the-equipment-finance-industry.html]
[www.netsoltech.com/images/content-image.png]
[netsoltech.com/article/the-rewards-and-risks-of-fast-tracking-digital-transformation-rewards.html]
[www.netsoltech.com/images/articles/aus-review-graph.jpg]
[netsoltech.com/article/australia-the-finance-and-leasing-landscape.html]
[netsoltech.com/article/startups-the-rise-disruption-post-pandemic-landscape.html]
[netsoltech.com/article/netsol-deloitte-fireside-chat.html]
[netsoltech.com/article/on-prem-to-cloud-migration-dos-donts.html]
[www.netsoltech.com/images/articles/WLY Image-12.jpg]
[www.netsoltech.com/images/articles/WLY Image-08.jpg]
[www.netsoltech.com/images/articles/WLY Image-07.jpg]
[netsoltech.com/article/understanding-economic-adversities-the-automotive-industry.html]
[netsoltech.com/article/agile-autonomous-digital-enterprise.html]
[www.netsoltech.com/images/articles/WLY Image-06.jpg]
[www.netsoltech.com/images/articles/WLY Image-04.jpg]
[www.netsoltech.com/images/articles/WLY Image-03.jpg]
[www.netsoltech.com/images/articles/WLY Image-05.jpg]
[netsoltech.com/article/where-is-the-uk-used-car-market-headed.html]
[www.netsoltech.com/images/articles/WLY Image-10.jpg]
[www.netsoltech.com/images/articles/WLY Image-01.jpg]
[www.netsoltech.com/images/articles/WLY Image-02.jpg]
[netsoltech.com/article/industry-40-impact-on-automotive-manufacturing-and-oems.html]
[netsoltech.com/article/on-prem-to-cloud-migration-a-series-of-articles-dos-donts.html]
[netsoltech.com/article/enterprise-platforms-must-haves-2021-navigating-through-limitations-adopting-new-technology.html]
[www.netsoltech.com/NetsolTechCMS/uploads/Articles/Ar51.jpg]
[netsoltech.com/article/enterprise-platforms-must-haves-2021-cloud.html]
[www.netsoltech.com/NetsolTechCMS/uploads/Articles/vehicles.jpg]
[www.netsoltech.com/NetsolTechCMS/uploads/Articles/89018-2_(1).jpg]
[netsoltech.com/article/enterprise-platform-must-haves-for-2021-and-beyond-business-continuity.html]
[netsoltech.com/article/enterprise-platform-must-haves-for-2021-and-beyond.html]
[netsoltech.com/article/the-impact-of-covid-19-on-the-automotive-industry.html]
[www.netsoltech.com/images/wuhangraph.jpg]
[www.netsoltech.com/NetsolTechCMS/uploads/Articles/DT_Image1.jpg]
[netsoltech.com/article/chinas-road-to-recovery-from-the-pandemic-demand-supply-shocks-for-the-automotive-manufacturing-sector.html]
[netsoltech.com/article/how-the-rise-in-car-sharing-will-affect- oems-and-captives.html]
[www.netsoltech.com/NetsolTechCMS/uploads/Articles/Jakarta-skyline-Indonesia11.jpg]
[netsoltech.com/article/five-ways-ai-will-assist-the-credit-origination-process.html]
[www.netsoltech.com/NetsolTechCMS/uploads/Articles/digital-technologies.jpg]
[netsoltech.com/article/indonesia-market-review.html]
[netsoltech.com/article/thailand-market-review.html]
[netsoltech.com/article/china-finance-and-leasing-industry-an-outlook-on-where-its-headed.html]
[netsoltech.com/article/the-key-to-getting-the-most-out-of-wholesale-finance-operations.html]
[netsoltech.com/article/auto-finance-software-and-changing-car-buyer-preferences.html]
[www.netsoltech.com/NetsolTechCMS/uploads/Articles/Article_2.jpg]
[netsoltech.com/article/the-future-of-mobility-mapping-progress-within-the-transportation-space.html]
[www.netsoltech.com/NetsolTechCMS/uploads/Articles/plugged-charger-into-electric-car-charge-station.jpg]
[www.netsoltech.com/NetsolTechCMS/uploads/Articles/anom.jpg]
[netsoltech.com/article/the-impact-of-digital-technology-on-the-leasing-industry.html]
[netsoltech.com/article/an-overview-of-indonesias-financing-and-leasing-environment.html]
[netsoltech.com/article/artificial-customer-service-to-take-prominence-in-the-future-of-the-financial-services-industries.html]
[netsoltech.com/article/an-overview-of-thailands-financing-and-leasing-environment.html]
[netsoltech.com/article/why-do-major-it-projects-fail.html]
[netsoltech.com/article/the-cloud-on-your-horizon.html]
[www.netsoltech.com/NetsolTechCMS/uploads/Articles/565a.jpg]
[netsoltech.com/article/easing-the-pain-of-data-migration.html]
[netsoltech.com/article/choosing-the-best-computing-platform-for-your-company.html]
[netsoltech.com/article/enterprise-mobility-confluence-of-technologies.html]
[www.netsoltech.com/images/graph-01.jpg]
[www.netsoltech.com/images/graph-02.jpg]
[www.netsoltech.com/images/graph-04.jpg]
[www.netsoltech.com/images/graph-03.jpg]
[netsoltech.com/article/enterprise-mobility-the-paradigm-shift.html]
[www.netsoltech.com/NetsolTechCMS/uploads/Articles/choose11.jpg]
[netsoltech.com/article/smartphone-revolution-in-the-automotive-industry.html]
[www.netsoltech.com/NetsolTechCMS/uploads/Articles/digitisation-as-a-stepping.jpg]
[netsoltech.com/article/global-auto-finance-industry-2015-possibilities-and-question-marks.html]
[www.netsoltech.com/NetsolTechCMS/uploads/Articles/GDPR11.jpg]
[netsoltech.com/article/peer-2-peer-lending-the-fundamentals.html]
[netsoltech.com/article/technologies-poised-to-disrupt-the-financial-services-industry.html]
[www.netsoltech.com/NetsolTechCMS/uploads/Articles/thumbnail_rendering-abstract-futuristic-background-with-glowing-neon-blue-orange-lights_(1).jpg]
[netsoltech.com/article/disruption-in-automotive-finance-technology.html]
[netsoltech.com/article/not-ready-for-the-cloud-why-the-leasing-industry-has-been-resistant-to-cloud-deployment.html]
[www.netsoltech.com/images/Indonesia-Artical-01.png]
[www.netsoltech.com/images/Indonesia-Artical-02.png]
[www.netsoltech.com/images/Indonesia-Artical-03.png]
[www.netsoltech.com/images/Indonesia-Artical-04.png]
[www.netsoltech.com/images/Indonesia-Artical-05.png]
[netsoltech.com/article/indonesia-finance-leasing-landscape.html]
[www.netsoltech.com/images/Ghauri_WLY1.jpg]
[www.netsoltech.com/images/Ghauri_WLY2.jpg]
[netsoltech.com/article/finance-and-leasing-the-disruption-caused-by-changes-in-the-consumer-buying-journey.html]
[netsoltech.com/article/a-glimpse-into-the-future-of-the-fintech-industry.html]
[netsoltech.com/article/right-software-for-your-business-lease-management-software.html]
[netsoltech.com/article/how-will-the-new-gdpr-policies-affect-finance-and-leasing-businesses.html]
[netsoltech.com/article/changing-financial-trends-and-the-threat-to-cybersecurity.html]
[www.netsoltech.com/NetsolTechCMS/uploads/Articles/China_image-01.jpg]
[netsoltech.com/article/lease-accounting-changes.html]
[netsoltech.com/article/shifts-in-global-asset-finance-and-leasing-industry-and-the-preeminence-of-digital-transformation.html]
[netsoltech.com/images/downloads-left.svg]
[netsoltech.com/images/innovation-left.svg]
[netsoltech.com/images/events-left.svg]
[netsoltech.com/financing.html]
[netsoltech.com/images/ascent-left.svg]
[netsoltech.com/bank-finance.html]
[netsoltech.com/privacy-policy-ccpa.html]
[netsoltech.com/images/ig-front-office.svg]
[netsoltech.com/images/ig-back-office.svg]
[netsoltech.com/images/ig-self-service.svg]
[netsoltech.com/images/ig-quotation.svg]
[netsoltech.com/images/ig-application.svg]
[netsoltech.com/images/ig-credit-evaluation.svg]
[netsoltech.com/images/ig-contract creation.svg]
[netsoltech.com/images/ig-commercial-financing.svg]
[netsoltech.com/motor-finance/index.html]
[www.netsoltech.com/images/force-3.jpg]
[netsoltech.com/thank-you]
[netsoltech.com/thank-you]
